// Vitest Snapshot v1, https://vitest.dev/guide/snapshot.html

exports[`nginx-proxy > sitemap.xml should match snapshot 1`] = `
"<?xml version="1.0" encoding="UTF-8"?> <urlset xmlns="http://www.sitemaps.org/schemas/sitemap/0.9">
        
                    <url>
                        <loc>https://test-nginx-proxy.docs.dev.buildwithfern.com/subpath/test-1</loc>
                    </url>
                

                    <url>
                        <loc>https://test-nginx-proxy.docs.dev.buildwithfern.com/subpath/capture-the-flag</loc>
                    </url>
                
    </urlset>"
`;
