// Vitest Snapshot v1, https://vitest.dev/guide/snapshot.html

exports[`bland > runs migrator 1`] = `
{
  "backgroundImage": undefined,
  "colors": {
    "accentPrimary": {
      "dark": "#0b0a18",
      "light": "#847AF9",
    },
    "background": {
      "dark": "#0A141B",
      "light": undefined,
    },
  },
  "favicon": "/logo.png",
  "instances": [],
  "layout": {
    "searchbarPlacement": "header",
    "tabsPlacement": "sidebar",
  },
  "logo": {
    "dark": "/logo/dark.svg",
    "href": undefined,
    "light": "/logo/light.svg",
  },
  "navbarLinks": [
    {
      "text": "Support",
      "type": "secondary",
      "url": "mailto:hello@bland.ai",
    },
    {
      "text": "GET YOUR KEYS",
      "type": "primary",
      "url": "https://app.bland.ai",
    },
  ],
  "navigation": [
    {
      "contents": [
        {
          "page": "Untitled Page",
          "path": "welcome-to-bland",
        },
        {
          "page": "Untitled Page",
          "path": "starter-guide",
        },
      ],
      "icon": undefined,
      "section": "Get Started",
    },
    {
      "contents": [
        {
          "page": "Untitled Page",
          "path": "enterprise-features/custom-twilio",
        },
        {
          "page": "Untitled Page",
          "path": "enterprise-features/custom-llm",
        },
        {
          "page": "Untitled Page",
          "path": "enterprise-features/unlimited-support",
        },
        {
          "page": "Untitled Page",
          "path": "enterprise-features/custom-tts",
        },
        {
          "page": "Untitled Page",
          "path": "enterprise-features/bring-your-own-twilio",
        },
        {
          "page": "Untitled Page",
          "path": "enterprise-features/enterprise-rate-limits",
        },
      ],
      "icon": undefined,
      "section": "Bland Enterprise",
    },
    {
      "contents": [
        {
          "page": "Untitled Page",
          "path": "featured-guides/bland-and-botpress",
        },
      ],
      "icon": undefined,
      "section": "Featured guides",
    },
    {
      "contents": [
        {
          "page": "Untitled Page",
          "path": "tutorials/pathways",
        },
        {
          "page": "Untitled Page",
          "path": "tutorials/custom-tools",
        },
        {
          "page": "Untitled Page",
          "path": "tutorials/send-first-call",
        },
        {
          "page": "Untitled Page",
          "path": "tutorials/webhook-signing",
        },
        {
          "page": "Untitled Page",
          "path": "tutorials/send-1000-calls-at-once",
        },
        {
          "page": "Untitled Page",
          "path": "tutorials/dynamic-data",
        },
        {
          "page": "Untitled Page",
          "path": "tutorials/max-duration",
        },
        {
          "page": "Untitled Page",
          "path": "tutorials/live-transfer",
        },
        {
          "page": "Untitled Page",
          "path": "tutorials/webhooks",
        },
      ],
      "icon": undefined,
      "section": "Basic Tutorials",
    },
    {
      "contents": [
        {
          "page": "Untitled Page",
          "path": "api-v1/post/calls-simple",
        },
        {
          "page": "Untitled Page",
          "path": "api-v1/post/calls-simple-pathway",
        },
      ],
      "icon": undefined,
      "section": "Basic",
    },
    {
      "contents": [
        {
          "page": "Untitled Page",
          "path": "api-v1/post/calls",
        },
        {
          "page": "Untitled Page",
          "path": "api-v1/post/calls-id-analyze",
        },
        {
          "page": "Untitled Page",
          "path": "api-v1/post/calls-id-stop",
        },
        {
          "page": "Untitled Page",
          "path": "api-v1/get/calls",
        },
        {
          "page": "Untitled Page",
          "path": "api-v1/get/calls-id",
        },
        {
          "page": "Untitled Page",
          "path": "api-v1/get/calls-id-recording",
        },
        {
          "page": "Untitled Page",
          "path": "api-v1/get/calls-corrected-transcript",
        },
      ],
      "icon": undefined,
      "section": "Calls",
    },
    {
      "contents": [
        {
          "page": "Untitled Page",
          "path": "api-v1/post/agents",
        },
        {
          "page": "Untitled Page",
          "path": "api-v1/post/agents-id",
        },
        {
          "page": "Untitled Page",
          "path": "api-v1/post/agents-id-authorize",
        },
        {
          "page": "Untitled Page",
          "path": "api-v1/post/agents-id-delete",
        },
        {
          "page": "Untitled Page",
          "path": "api-v1/get/agents",
        },
      ],
      "icon": undefined,
      "section": "Web Agents",
    },
    {
      "contents": [
        {
          "page": "Untitled Page",
          "path": "api-v1/post/inbound-purchase",
        },
        {
          "page": "Untitled Page",
          "path": "api-v1/post/inbound-number-update",
        },
        {
          "page": "Untitled Page",
          "path": "api-v1/get/inbound",
        },
        {
          "page": "Untitled Page",
          "path": "api-v1/get/inbound-number",
        },
      ],
      "icon": undefined,
      "section": "Inbound Numbers",
    },
    {
      "contents": [
        {
          "page": "Untitled Page",
          "path": "api-v1/post/outbound-purchase",
        },
        {
          "page": "Untitled Page",
          "path": "api-v1/get/outbound",
        },
      ],
      "icon": undefined,
      "section": "Outbound Numbers",
    },
    {
      "contents": [
        {
          "page": "Untitled Page",
          "path": "api-v1/get/voices",
        },
        {
          "page": "Untitled Page",
          "path": "api-v1/get/voices-id",
        },
        {
          "page": "Untitled Page",
          "path": "api-v1/post/voices-id-sample",
        },
      ],
      "icon": undefined,
      "section": "Voices",
    },
    {
      "contents": [
        {
          "page": "Untitled Page",
          "path": "api-v1/post/tools",
        },
        {
          "page": "Untitled Page",
          "path": "api-v1/post/tools-tool-id",
        },
        {
          "page": "Untitled Page",
          "path": "api-v1/get/tools",
        },
        {
          "page": "Untitled Page",
          "path": "api-v1/get/tools-tool-id",
        },
      ],
      "icon": undefined,
      "section": "Custom Tools",
    },
    {
      "contents": [
        {
          "page": "Untitled Page",
          "path": "api-v1/post/accounts",
        },
        {
          "page": "Untitled Page",
          "path": "api-v1/post/accounts-delete",
        },
        {
          "page": "Untitled Page",
          "path": "api-v1/post/inbound-insert",
        },
        {
          "page": "Untitled Page",
          "path": "api-v1/post/inbound-number-delete",
        },
      ],
      "icon": undefined,
      "section": "Custom Twilio Accounts",
    },
    {
      "contents": [
        {
          "page": "Untitled Page",
          "path": "api-v1/post/subaccounts",
        },
        {
          "page": "Untitled Page",
          "path": "api-v1/post/subaccounts-id-transfer",
        },
        {
          "page": "Untitled Page",
          "path": "api-v1/post/subaccounts-id-rotate",
        },
        {
          "page": "Untitled Page",
          "path": "api-v1/post/subaccounts-id-disable",
        },
        {
          "page": "Untitled Page",
          "path": "api-v1/get/subaccounts",
        },
        {
          "page": "Untitled Page",
          "path": "api-v1/get/subaccounts-id",
        },
      ],
      "icon": undefined,
      "section": "Subaccounts",
    },
    {
      "contents": [
        {
          "page": "Untitled Page",
          "path": "api-v1/post/batches",
        },
        {
          "page": "Untitled Page",
          "path": "api-v1/post/batches-id-analyze",
        },
        {
          "page": "Untitled Page",
          "path": "api-v1/post/batches-id-stop",
        },
        {
          "page": "Untitled Page",
          "path": "api-v1/get/batches",
        },
        {
          "page": "Untitled Page",
          "path": "api-v1/get/batches-id",
        },
        {
          "page": "Untitled Page",
          "path": "api-v1/get/batches-id-analysis",
        },
      ],
      "icon": undefined,
      "section": "Batches",
    },
    {
      "contents": [
        {
          "page": "Untitled Page",
          "path": "api-reference/endpoint/call",
        },
        {
          "page": "Untitled Page",
          "path": "api-reference/endpoint/logs",
        },
        {
          "page": "Untitled Page",
          "path": "api-reference/endpoint/hold",
        },
        {
          "page": "Untitled Page",
          "path": "api-reference/endpoint/end",
        },
        {
          "page": "Untitled Page",
          "path": "api-reference/endpoint/dynamic_validate",
        },
        {
          "page": "Untitled Page",
          "path": "api-reference/endpoint/purchase",
        },
        {
          "page": "Untitled Page",
          "path": "api-reference/endpoint/inbound_prompt",
        },
        {
          "page": "Untitled Page",
          "path": "api-reference/endpoint/recording",
        },
      ],
      "icon": undefined,
      "section": "Primary Endpoints",
    },
    {
      "contents": [
        {
          "page": "Untitled Page",
          "path": "api-reference/batch-endpoint/batch",
        },
        {
          "page": "Untitled Page",
          "path": "api-reference/batch-endpoint/batch_get",
        },
        {
          "page": "Untitled Page",
          "path": "api-reference/batch-endpoint/batches_get",
        },
        {
          "page": "Untitled Page",
          "path": "api-reference/batch-endpoint/batch_stop",
        },
        {
          "page": "Untitled Page",
          "path": "api-reference/batch-endpoint/end_batches",
        },
      ],
      "icon": undefined,
      "section": "Batch Endpoints",
    },
    {
      "contents": [
        {
          "page": "Untitled Page",
          "path": "api-v1/post/sms-submit-reg",
        },
        {
          "page": "Untitled Page",
          "path": "api-v1/post/sms-check-registration",
        },
        {
          "page": "Untitled Page",
          "path": "api-v1/post/sms-prompt-update",
        },
        {
          "page": "Untitled Page",
          "path": "api-v1/post/sms-analyze",
        },
        {
          "page": "Untitled Page",
          "path": "api-v1/post/sms-get-messages",
        },
        {
          "page": "Untitled Page",
          "path": "api-v1/post/sms-toggle-human",
        },
        {
          "page": "Untitled Page",
          "path": "api-v1/post/sms-webhook-update",
        },
      ],
      "icon": undefined,
      "section": "SMS",
    },
    {
      "contents": [
        {
          "page": "Untitled Page",
          "path": "api-v1/get/me",
        },
      ],
      "icon": undefined,
      "section": "Account",
    },
    {
      "contents": [
        {
          "page": "Untitled Page",
          "path": "api-reference/hold-endpoint/hold",
        },
      ],
      "icon": undefined,
      "section": "Hold Endpoint",
    },
  ],
  "tabs": {
    "V1 API Reference": {
      "displayName": "V1 API Reference",
      "slug": "api-v1",
    },
  },
  "title": "Bland AI",
  "versions": undefined,
}
`;
