// Jest Snapshot v1, https://goo.gl/fbAQLP

exports[`getSubpackageParentSlugs {"name":"fdr"} 1`] = `
Object {
  "subpackage_api": Array [],
  "subpackage_api/v1": Array [
    "api",
  ],
  "subpackage_api/v1/db": Array [
    "api",
    "v-1",
  ],
  "subpackage_api/v1/db/endpoint": Array [
    "api",
    "v-1",
    "db",
  ],
  "subpackage_api/v1/read": Array [
    "api",
    "v-1",
  ],
  "subpackage_api/v1/read/commons": Array [
    "api",
    "v-1",
    "read",
  ],
  "subpackage_api/v1/read/endpoint": Array [
    "api",
    "v-1",
    "read",
  ],
  "subpackage_api/v1/read/type": Array [
    "api",
    "v-1",
    "read",
  ],
  "subpackage_api/v1/register": Array [
    "api",
    "v-1",
  ],
  "subpackage_api/v1/register/commons": Array [
    "api",
    "v-1",
    "register",
  ],
  "subpackage_api/v1/register/endpoint": Array [
    "api",
    "v-1",
    "register",
  ],
  "subpackage_api/v1/register/type": Array [
    "api",
    "v-1",
    "register",
  ],
  "subpackage_commons": Array [],
  "subpackage_docs": Array [],
  "subpackage_docs/v1": Array [
    "docs",
  ],
  "subpackage_docs/v1/db": Array [
    "docs",
    "v-1",
  ],
  "subpackage_docs/v1/read": Array [
    "docs",
    "v-1",
  ],
  "subpackage_docs/v1/write": Array [
    "docs",
    "v-1",
  ],
  "subpackage_docs/v2": Array [
    "docs",
  ],
  "subpackage_docs/v2/read": Array [
    "docs",
    "v-2",
  ],
  "subpackage_docs/v2/write": Array [
    "docs",
    "v-2",
  ],
}
`;

exports[`getSubpackageParentSlugs {"name":"revert"} 1`] = `
Object {
  "subpackage_common": Array [],
  "subpackage_common/errors": Array [
    "common",
  ],
  "subpackage_common/types": Array [
    "common",
  ],
  "subpackage_common/unified": Array [
    "common",
  ],
  "subpackage_crm": Array [],
  "subpackage_crm/company": Array [
    "crm",
  ],
  "subpackage_crm/contact": Array [
    "crm",
  ],
  "subpackage_crm/deal": Array [
    "crm",
  ],
  "subpackage_crm/event": Array [
    "crm",
  ],
  "subpackage_crm/lead": Array [
    "crm",
  ],
  "subpackage_crm/note": Array [
    "crm",
  ],
  "subpackage_crm/task": Array [
    "crm",
  ],
  "subpackage_crm/user": Array [
    "crm",
  ],
  "subpackage_internal": Array [],
  "subpackage_internal/account": Array [
    "internal",
  ],
  "subpackage_metadata": Array [],
}
`;
